// Jest Snapshot v1, https://goo.gl/fbAQLP

exports[`Contact sohuld render Contact correctly 1`] = `
<h1>
  Hello, from Contact page
</h1>
`;
