// Jest Snapshot v1, https://goo.gl/fbAQLP

exports[`NotFound sohuld render NotFound correctly 1`] = `
<h1>
  Page not found
</h1>
`;
