// Jest Snapshot v1, https://goo.gl/fbAQLP

exports[`CategoryItem renders CategoryItem correctly 1`] = `
<div
  class="card"
  role="article"
>
  <div
    class="card-image"
  >
    <img
      alt="Beef"
      src="https://www.themealdb.com/images/category/beef.png"
    />
  </div>
  <div
    class="card-content"
  >
    <span
      class="card-title"
    >
      Beef
    </span>
    <p>
      Test Description
      ...
    </p>
  </div>
  <div
    class="card-action"
  >
    <a
      class="btn"
      href="/category/Beef"
    >
      Watch category
    </a>
  </div>
</div>
`;
